// Jest Snapshot v1, https://goo.gl/fbAQLP

exports[`Header should render correctly 1`] = `
<div
  className="header"
>
  <h1
    className="header__title"
  >
    Idle Time Insertion App
  </h1>
  <img
    alt="Logo"
    className="logo"
    src="Logo.png"
  />
</div>
`;
