// Jest Snapshot v1, https://goo.gl/fbAQLP

exports[`Nest should render correctly 1`] = `
<Route>
  <Component />
</Route>
`;
